[    1013ms] [LOG] [Fast Refresh] rebuilding @ http://localhost:3000/_next/static/chunks/node_modules_next_dist_f3530cac._.js:2297
[    2787ms] [LOG] [Fast Refresh] done in 1875ms @ http://localhost:3000/_next/static/chunks/node_modules_next_dist_f3530cac._.js:2297
[    4030ms] [INFO] %cDownload the React DevTools for a better development experience: https://react.dev/link/react-devtools font-weight:bold @ http://localhost:3000/_next/static/chunks/node_modules_next_dist_f3530cac._.js:2297
[    4096ms] [LOG] [HMR] connected @ http://localhost:3000/_next/static/chunks/node_modules_next_dist_f3530cac._.js:2297
[   94156ms] [LOG] [Fast Refresh] rebuilding @ http://localhost:3000/_next/static/chunks/node_modules_next_dist_f3530cac._.js:2297
[   94287ms] [LOG] [Fast Refresh] done in 233ms @ http://localhost:3000/_next/static/chunks/node_modules_next_dist_f3530cac._.js:2297
[  660709ms] [LOG] [Fast Refresh] rebuilding @ http://localhost:3000/_next/static/chunks/node_modules_next_dist_f3530cac._.js:2297
[  660735ms] [LOG] [Fast Refresh] done in 126ms @ http://localhost:3000/_next/static/chunks/node_modules_next_dist_f3530cac._.js:2297
[  952858ms] [LOG] [Fast Refresh] rebuilding @ http://localhost:3000/_next/static/chunks/node_modules_next_dist_f3530cac._.js:2297
[  952861ms] [LOG] [Fast Refresh] done in 104ms @ http://localhost:3000/_next/static/chunks/node_modules_next_dist_f3530cac._.js:2297
[  968639ms] [LOG] [Fast Refresh] rebuilding @ http://localhost:3000/_next/static/chunks/node_modules_next_dist_f3530cac._.js:2297
[  968653ms] [LOG] [Fast Refresh] done in 115ms @ http://localhost:3000/_next/static/chunks/node_modules_next_dist_f3530cac._.js:2297
[ 2212904ms] [ERROR] WebSocket connection to 'wss://leduumxihcngowpaujkr.supabase.co/realtime/v1/websocket?apikey=eyJhbGciOiJIUzI1NiIsInR5cCI6IkpXVCJ9.eyJpc3MiOiJzdXBhYmFzZSIsInJlZiI6ImxlZHV1bXhpaGNuZ293cGF1amtyIiwicm9sZSI6ImFub24iLCJpYXQiOjE3NzI4MjA4NjksImV4cCI6MjA4ODM5Njg2OX0.Q0sDF_DxtWsgWo8vRVE6dC2vljS7am8YA9xowoi8A5U&vsn=2.0.0' failed: Error in connection establishment: net::ERR_INTERNET_DISCONNECTED @ http://localhost:3000/_next/static/chunks/node_modules_12b2b004._.js:8382
[ 2215909ms] [ERROR] WebSocket connection to 'wss://leduumxihcngowpaujkr.supabase.co/realtime/v1/websocket?apikey=eyJhbGciOiJIUzI1NiIsInR5cCI6IkpXVCJ9.eyJpc3MiOiJzdXBhYmFzZSIsInJlZiI6ImxlZHV1bXhpaGNuZ293cGF1amtyIiwicm9sZSI6ImFub24iLCJpYXQiOjE3NzI4MjA4NjksImV4cCI6MjA4ODM5Njg2OX0.Q0sDF_DxtWsgWo8vRVE6dC2vljS7am8YA9xowoi8A5U&vsn=2.0.0' failed: Error in connection establishment: net::ERR_INTERNET_DISCONNECTED @ http://localhost:3000/_next/static/chunks/node_modules_12b2b004._.js:8382
[ 2228005ms] [ERROR] WebSocket connection to 'wss://leduumxihcngowpaujkr.supabase.co/realtime/v1/websocket?apikey=eyJhbGciOiJIUzI1NiIsInR5cCI6IkpXVCJ9.eyJpc3MiOiJzdXBhYmFzZSIsInJlZiI6ImxlZHV1bXhpaGNuZ293cGF1amtyIiwicm9sZSI6ImFub24iLCJpYXQiOjE3NzI4MjA4NjksImV4cCI6MjA4ODM5Njg2OX0.Q0sDF_DxtWsgWo8vRVE6dC2vljS7am8YA9xowoi8A5U&vsn=2.0.0' failed: Error in connection establishment: net::ERR_NAME_NOT_RESOLVED @ http://localhost:3000/_next/static/chunks/node_modules_12b2b004._.js:8382
[ 2318934ms] [LOG] [Fast Refresh] rebuilding @ http://localhost:3000/_next/static/chunks/node_modules_next_dist_f3530cac._.js:2297
[ 2320373ms] [LOG] [Fast Refresh] done in 1541ms @ http://localhost:3000/_next/static/chunks/node_modules_next_dist_f3530cac._.js:2297
[ 2323004ms] [LOG] [Fast Refresh] rebuilding @ http://localhost:3000/_next/static/chunks/node_modules_next_dist_f3530cac._.js:2297
[ 2323067ms] [LOG] [Fast Refresh] done in 164ms @ http://localhost:3000/_next/static/chunks/node_modules_next_dist_f3530cac._.js:2297
[ 2396241ms] [LOG] [Fast Refresh] rebuilding @ http://localhost:3000/_next/static/chunks/node_modules_next_dist_f3530cac._.js:2297
[ 2396269ms] [LOG] [Fast Refresh] done in 129ms @ http://localhost:3000/_next/static/chunks/node_modules_next_dist_f3530cac._.js:2297
[ 2490738ms] [LOG] [Fast Refresh] rebuilding @ http://localhost:3000/_next/static/chunks/node_modules_next_dist_f3530cac._.js:2297
[ 2490747ms] [LOG] [Fast Refresh] done in 110ms @ http://localhost:3000/_next/static/chunks/node_modules_next_dist_f3530cac._.js:2297
[ 2534912ms] [ERROR] WebSocket connection to 'ws://localhost:3000/_next/webpack-hmr?id=7v4IcogEv_ADBQaAvYVK4' failed: Error in connection establishment: net::ERR_CONNECTION_REFUSED @ http://localhost:3000/_next/static/chunks/node_modules_next_dist_client_17643121._.js:10878
[ 2538218ms] [ERROR] WebSocket connection to 'ws://localhost:3000/_next/webpack-hmr?id=7v4IcogEv_ADBQaAvYVK4' failed: Error in connection establishment: net::ERR_CONNECTION_REFUSED @ http://localhost:3000/_next/static/chunks/node_modules_next_dist_client_17643121._.js:10878
[ 2541532ms] [ERROR] WebSocket connection to 'ws://localhost:3000/_next/webpack-hmr?id=7v4IcogEv_ADBQaAvYVK4' failed: Error in connection establishment: net::ERR_CONNECTION_REFUSED @ http://localhost:3000/_next/static/chunks/node_modules_next_dist_client_17643121._.js:10878
[ 2544860ms] [ERROR] WebSocket connection to 'ws://localhost:3000/_next/webpack-hmr?id=7v4IcogEv_ADBQaAvYVK4' failed: Error in connection establishment: net::ERR_CONNECTION_REFUSED @ http://localhost:3000/_next/static/chunks/node_modules_next_dist_client_17643121._.js:10878
[ 2548183ms] [ERROR] WebSocket connection to 'ws://localhost:3000/_next/webpack-hmr?id=7v4IcogEv_ADBQaAvYVK4' failed: Error in connection establishment: net::ERR_CONNECTION_REFUSED @ http://localhost:3000/_next/static/chunks/node_modules_next_dist_client_17643121._.js:10878
[ 2555512ms] [ERROR] WebSocket connection to 'ws://localhost:3000/_next/webpack-hmr?id=7v4IcogEv_ADBQaAvYVK4' failed: Error in connection establishment: net::ERR_CONNECTION_REFUSED @ http://localhost:3000/_next/static/chunks/node_modules_next_dist_client_17643121._.js:10878
[ 2562824ms] [ERROR] WebSocket connection to 'ws://localhost:3000/_next/webpack-hmr?id=7v4IcogEv_ADBQaAvYVK4' failed: Error in connection establishment: net::ERR_CONNECTION_REFUSED @ http://localhost:3000/_next/static/chunks/node_modules_next_dist_client_17643121._.js:10878
[ 2570145ms] [ERROR] WebSocket connection to 'ws://localhost:3000/_next/webpack-hmr?id=7v4IcogEv_ADBQaAvYVK4' failed: Error in connection establishment: net::ERR_CONNECTION_REFUSED @ http://localhost:3000/_next/static/chunks/node_modules_next_dist_client_17643121._.js:10878
[ 2577468ms] [ERROR] WebSocket connection to 'ws://localhost:3000/_next/webpack-hmr?id=7v4IcogEv_ADBQaAvYVK4' failed: Error in connection establishment: net::ERR_CONNECTION_REFUSED @ http://localhost:3000/_next/static/chunks/node_modules_next_dist_client_17643121._.js:10878
[ 2584796ms] [ERROR] WebSocket connection to 'ws://localhost:3000/_next/webpack-hmr?id=7v4IcogEv_ADBQaAvYVK4' failed: Error in connection establishment: net::ERR_CONNECTION_REFUSED @ http://localhost:3000/_next/static/chunks/node_modules_next_dist_client_17643121._.js:10878
[ 2592140ms] [ERROR] WebSocket connection to 'ws://localhost:3000/_next/webpack-hmr?id=7v4IcogEv_ADBQaAvYVK4' failed: Error in connection establishment: net::ERR_CONNECTION_REFUSED @ http://localhost:3000/_next/static/chunks/node_modules_next_dist_client_17643121._.js:10878
[ 2599567ms] [ERROR] WebSocket connection to 'ws://localhost:3000/_next/webpack-hmr?id=7v4IcogEv_ADBQaAvYVK4' failed: Error in connection establishment: net::ERR_CONNECTION_REFUSED @ http://localhost:3000/_next/static/chunks/node_modules_next_dist_client_17643121._.js:10878
